../Core/Src/main.c:68:6:microDelay	16	static
../Core/Src/main.c:74:9:DHT11_Start	32	static
../Core/Src/main.c:105:9:DHT11_Read	16	static
../Core/Src/main.c:132:6:delay	16	static
../Core/Src/main.c:139:6:stepper_set_rpm	16	static
../Core/Src/main.c:143:6:stepper_half_drive	16	static
../Core/Src/main.c:210:5:main	48	static
../Core/Src/main.c:308:6:SystemClock_Config	72	static
../Core/Src/main.c:348:13:MX_I2C1_Init	8	static
../Core/Src/main.c:382:13:MX_TIM1_Init	32	static
../Core/Src/main.c:428:13:MX_GPIO_Init	40	static
../Core/Src/main.c:483:6:Error_Handler	4	static,ignoring_inline_asm
